----------------------------------------------------------------------------------
                      time_design_signoff Summary
----------------------------------------------------------------------------------

+--------------------+-----------+-----------+-----------+-----------+-----------+
|     Setup mode     |   all     | reg2reg   |  in2reg   | reg2out   |  in2out   |
+--------------------+-----------+-----------+-----------+-----------+-----------+
|           WNS (ns):|    45.693 |    82.099 |    45.693 |    48.517 |       N/A |
|           TNS (ns):|     0.000 |     0.000 |     0.000 |     0.000 |       N/A |
|    Violating Paths:|         0 |         0 |         0 |         0 |         0 |
+--------------------+-----------+-----------+-----------+-----------+-----------+
|WC_av               |    45.693 |    82.099 |    45.693 |    48.517 |       N/A |
|                    |     0.000 |     0.000 |     0.000 |     0.000 |       N/A |
|                    |         0 |         0 |         0 |         0 |         0 |
+--------------------+-----------+-----------+-----------+-----------+-----------+

+----------------+-------------------------------+------------------+
|                |         Signal nets           |    Clock nets    |
|    DRVs        +------------------+------------+------------------+
|                |  Nr nets(terms)  | Worst Vio  |  Nr nets(terms)  |
+----------------+------------------+------------+------------------+
|   max_cap      |      0 (      0) |          0 |      0 (      0) |
|   max_tran     |      0 (      0) |          0 |      0 (      0) |
|   max_fanout   |      0 (      0) |          0 |      0 (      0) |
+----------------+------------------+------------+------------------+

+--------------------+-----------+-----------+-----------+-----------+-----------+
|      Hold mode     |   all     | reg2reg   |  in2reg   | reg2out   |  in2out   |
+--------------------+-----------+-----------+-----------+-----------+-----------+
|           WNS (ns):|     0.229 |     0.229 |    50.004 |    50.459 |       N/A |
|           TNS (ns):|     0.000 |     0.000 |     0.000 |     0.000 |       N/A |
|    Violating Paths:|         0 |         0 |         0 |         0 |         0 |
+--------------------+-----------+-----------+-----------+-----------+-----------+
|BC_av               |     0.229 |     0.229 |    50.004 |    50.459 |       N/A |
|                    |     0.000 |     0.000 |     0.000 |     0.000 |       N/A |
|                    |         0 |         0 |         0 |         0 |         0 |
+--------------------+-----------+-----------+-----------+-----------+-----------+

